// Jest Snapshot v1, https://goo.gl/fbAQLP

exports[`Article renders out a single article 1`] = `
<h2>
  It really do be like that
</h2>
`;
